// Jest Snapshot v1, https://goo.gl/fbAQLP

exports[`Colleague Interface component matches the snapshot 1`] = `
<body>
  <div>
    <h2
      class="TextBackground"
    >
      Hello , How are you feeling today?
    </h2>
    <h3
      class="TextBackground"
    >
      Wednesday 01/01/2020
    </h3>
    <p
      class="HelpText"
    >
      Please select from the options below
    </p>
    <div
      class="App_Button_Container"
    >
      <button
        class="EmojiButton"
        type="button"
      >
        <span
          aria-label="miserable"
          role="img"
        >
          😢
        </span>
      </button>
      <button
        class="EmojiButton"
        type="button"
      >
        <span
          aria-label="sad"
          role="img"
        >
          🙁
        </span>
      </button>
      <button
        class="EmojiButton"
        type="button"
      >
        <span
          aria-label="neutral"
          role="img"
        >
          😑
        </span>
      </button>
      <button
        class="EmojiButton"
        type="button"
      >
        <span
          aria-label="happy"
          role="img"
        >
          🙂
        </span>
      </button>
      <button
        class="EmojiButton"
        type="button"
      >
        <span
          aria-label="ecstatic"
          role="img"
        >
          🥳
        </span>
      </button>
    </div>
    <label
      class="TextBackground"
      for="usernameInputTextBox"
    >
      Who are you?
    </label>
    <input
      class="UsernameEntry form-control-lg form-control"
      id="usernameInputTextBox"
      placeholder="Enter your name"
      type="text"
      value=""
    />
    <button
      class="submitButton btn btn-primary btn-lg disabled"
      disabled=""
      type="button"
    >
      Submit
    </button>
  </div>
</body>
`;
